[17:33:03] [ServerMain/INFO]: [bootstrap] Running Java 21 (OpenJDK 64-Bit Server VM 21.0.5+11-Ubuntu-1ubuntu120.04; Ubuntu null) on Linux 6.5.0-1025-azure (amd64)
[17:33:03] [ServerMain/INFO]: [bootstrap] Loading Paper 1.21.3-63-master@4190ee7 (2024-11-25T18:59:19Z) for Minecraft 1.21.3
[17:33:04] [ServerMain/INFO]: [PluginInitializerManager] Initializing plugins...
[17:33:06] [ServerMain/INFO]: [PluginInitializerManager] Initialized 7 plugins
[17:33:06] [ServerMain/INFO]: [PluginInitializerManager] Bukkit plugins (7):
 - AngelChest (13.9.0), AuraSkills (2.2.7), ClearLag (3.2.2), RHLeafDecay (1.21_R1), SimpleTpa (7.4), SkinsRestorer (15.5.1), TAB (5.0.3)
[17:33:12] [ServerMain/INFO]: Environment: Environment[sessionHost=https://sessionserver.mojang.com, servicesHost=https://api.minecraftservices.com, name=PROD]
[17:33:14] [ServerMain/INFO]: Loaded 1337 recipes
[17:33:14] [ServerMain/INFO]: Loaded 1448 advancements
[17:33:14] [Server thread/INFO]: Starting minecraft server version 1.21.3
[17:33:14] [Server thread/INFO]: Loading properties
[17:33:14] [Server thread/INFO]: This server is running Paper version 1.21.3-63-master@4190ee7 (2024-11-25T18:59:19Z) (Implementing API version 1.21.3-R0.1-SNAPSHOT)
[17:33:16] [Server thread/INFO]: [spark] This server bundles the spark profiler. For more information please visit https://docs.papermc.io/paper/profiling
[17:33:16] [Server thread/INFO]: Using 4 threads for Netty based IO
[17:33:16] [Server thread/INFO]: Server Ping Player Sample Count: 12
[17:33:17] [Server thread/INFO]: [MoonriseCommon] Paper is using 1 worker threads, 1 I/O threads
[17:33:17] [Server thread/INFO]: [ChunkTaskScheduler] Chunk system is using population gen parallelism: true
[17:33:17] [Server thread/INFO]: Default game type: SURVIVAL
[17:33:17] [Server thread/INFO]: Generating keypair
[17:33:18] [Server thread/INFO]: Starting Minecraft server on *:25565
[17:33:19] [Server thread/INFO]: Using epoll channel type
[17:33:19] [Server thread/INFO]: Paper: Using libdeflate (Linux x86_64) compression from Velocity.
[17:33:19] [Server thread/INFO]: Paper: Using OpenSSL 1.1.x (Linux x86_64) cipher from Velocity.
[17:33:19] [Server thread/INFO]: [SkinsRestorer] Loading server plugin SkinsRestorer v15.5.1
[17:33:19] [Server thread/INFO]: [AngelChest] Loading server plugin AngelChest v13.9.0
[17:33:20] [Server thread/INFO]: [ClearLag] Loading server plugin ClearLag v3.2.2
[17:33:20] [Server thread/INFO]: [SimpleTpa] Loading server plugin SimpleTpa v7.4
[17:33:20] [Server thread/INFO]: [TAB] Loading server plugin TAB v5.0.3
[17:33:20] [Server thread/INFO]: [AuraSkills] Loading server plugin AuraSkills v2.2.7
[17:33:20] [Server thread/INFO]: [RHLeafDecay] Loading server plugin RHLeafDecay v1.21_R1
[17:33:20] [Server thread/INFO]: Server permissions file permissions.yml is empty, ignoring it
[17:33:20] [Server thread/INFO]: [SkinsRestorer] Enabling SkinsRestorer v15.5.1
[17:33:21] [Server thread/WARN]: [SkinsRestorer] You must agree to the rules at 'commands.perSkinPermissionsConsent' in the config to use per skin permissions.
[17:33:21] [Server thread/INFO]: [SkinsRestorer] Running on Minecraft 1.21.3.
[17:33:22] [Server thread/INFO]: [SkinsRestorer] Using paper join listener!
[17:33:22] [Server thread/WARN]: **** SERVER IS RUNNING IN OFFLINE/INSECURE MODE!
[17:33:22] [Server thread/WARN]: The server will make no attempt to authenticate usernames. Beware.
[17:33:22] [Server thread/WARN]: While this makes the game possible to play without internet access, it also opens up the ability for hackers to connect with any username they choose.
[17:33:22] [Server thread/WARN]: To change this, set "online-mode" to "true" in the server.properties file.
[17:33:22] [Server thread/INFO]: Preparing level "world"
[17:33:22] [Folia Async Scheduler Thread #1/INFO]: [SkinsRestorer] ----------------------------------------------
[17:33:22] [Folia Async Scheduler Thread #1/INFO]: [SkinsRestorer]     +==================+
[17:33:22] [Folia Async Scheduler Thread #1/INFO]: [SkinsRestorer]     |   SkinsRestorer  |
[17:33:22] [Folia Async Scheduler Thread #1/INFO]: [SkinsRestorer]     |------------------|
[17:33:22] [Folia Async Scheduler Thread #1/INFO]: [SkinsRestorer]     |  Standalone Mode |
[17:33:22] [Folia Async Scheduler Thread #1/INFO]: [SkinsRestorer]     +==================+
[17:33:22] [Folia Async Scheduler Thread #1/INFO]: [SkinsRestorer] ----------------------------------------------
[17:33:22] [Folia Async Scheduler Thread #1/INFO]: [SkinsRestorer]     Version: 15.5.1
[17:33:22] [Folia Async Scheduler Thread #1/INFO]: [SkinsRestorer]     Commit: d5d8613
[17:33:22] [Folia Async Scheduler Thread #1/INFO]: [SkinsRestorer]     This is the latest version!
[17:33:22] [Folia Async Scheduler Thread #1/INFO]: [SkinsRestorer] ----------------------------------------------
[17:33:22] [Folia Async Scheduler Thread #1/INFO]: [SkinsRestorer] Do you have issues? Read our troubleshooting guide: https://skinsrestorer.net/docs/troubleshooting
[17:33:22] [Folia Async Scheduler Thread #1/INFO]: [SkinsRestorer] Want to support SkinsRestorer? Consider donating: https://skinsrestorer.net/donate
[17:33:23] [Server thread/INFO]: Preparing start region for dimension minecraft:overworld
[17:33:23] [Server thread/INFO]: Preparing spawn area: 0%
[17:33:23] [Server thread/INFO]: Preparing spawn area: 2%
[17:33:23] [Paper Common Worker #0/INFO]: [MCTypeRegistry] Initialising converters for DataConverter...
[17:33:24] [Paper Common Worker #0/INFO]: [MCTypeRegistry] Finished initialising converters for DataConverter in 540.4ms
[17:33:24] [Server thread/INFO]: Preparing spawn area: 48%
[17:33:25] [Server thread/INFO]: Preparing spawn area: 53%
[17:33:25] [Server thread/INFO]: Time elapsed: 1962 ms
[17:33:25] [Server thread/INFO]: Preparing start region for dimension minecraft:the_nether
[17:33:25] [Server thread/INFO]: Preparing spawn area: 0%
[17:33:25] [Server thread/INFO]: Preparing spawn area: 10%
[17:33:25] [Server thread/INFO]: Time elapsed: 799 ms
[17:33:25] [Server thread/INFO]: Preparing start region for dimension minecraft:the_end
[17:33:25] [Server thread/INFO]: Preparing spawn area: 0%
[17:33:26] [Server thread/INFO]: Preparing spawn area: 28%
[17:33:26] [Server thread/INFO]: Time elapsed: 621 ms
[17:33:26] [Server thread/INFO]: [AngelChest] Enabling AngelChest v13.9.0
[17:33:27] [Server thread/INFO]: [AngelChest] groups.yml does not exist, skipping custom group settings.
[17:33:27] [Server thread/INFO]: [AngelChest] blacklist.yml does not exist, disabling item blacklist.
[17:33:27] [Server thread/INFO]: [AngelChest] Not using premium version, disabling Graveyards feature
[17:33:27] [Server thread/WARN]: [AngelChest] Could not add usage/description to command acopen
[17:33:27] [Server thread/INFO]: [AngelChest] Vault not installed, disabling economy functions.
[17:33:27] [Server thread/INFO]: [AngelChest] [ACF] Enabled Asynchronous Tab Completion Support!
[17:33:27] [Server thread/INFO]: [AngelChest] Successfully enabled AngelChest v13.9.0 (Premium: false)
[17:33:27] [Server thread/INFO]: [ClearLag] Enabling ClearLag v3.2.2
[17:33:27] [Server thread/INFO]: [ClearLag] Using version-adapter: LatestVersionAdapter
[17:33:27] [Server thread/INFO]: [ClearLag] Loading modules...
[17:33:27] [Server thread/WARN]: [ClearLag] Clearlag failed to use the internal TPS tracker during initialization. Reverted to estimation... (Index 3 out of bounds for length 3)
[17:33:27] [Server thread/INFO]: [ClearLag] Modules enabed, loading config values
[17:33:27] [Server thread/INFO]: [ClearLag] Modules have been loaded!
[17:33:27] [Server thread/INFO]: [ClearLag] Clearlag is now enabled!
[17:33:27] [Thread-11/WARN]: [ClearLag] Clearlag failed to check for updates - bukkit may be down
[17:33:27] [Thread-11/WARN]: java.lang.ArrayIndexOutOfBoundsException: Index 3 out of bounds for length 3
[17:33:27] [Thread-11/WARN]: 	at Clearlag.jar//me.minebuilders.clearlag.Util.getBukkitVersion(Util.java:105)
[17:33:27] [Server thread/INFO]: [SimpleTpa] Enabling SimpleTpa v7.4
[17:33:27] [Server thread/INFO]: [SimpleTpa] If you need support contact me at https://discord.gg/SZUkza9
[17:33:27] [Server thread/INFO]: [SimpleTpa] Simple Tpa has been enabled on version 7.4
[17:33:27] [Thread-11/WARN]: 	at Clearlag.jar//me.minebuilders.clearlag.BukkitUpdater.updateAvailable(BukkitUpdater.java:32)
[17:33:27] [Thread-11/WARN]: 	at Clearlag.jar//me.minebuilders.clearlag.BukkitUpdater.run(BukkitUpdater.java:82)
[17:33:27] [Thread-11/WARN]: 	at java.base/java.lang.Thread.run(Thread.java:1583)
[17:33:27] [Server thread/INFO]: Enabled metrics. You may opt-out by changing plugins/bStats/config.yml
[17:33:27] [Server thread/INFO]: [TAB] Enabling TAB v5.0.3
[17:33:27] [Server thread/INFO]: [TAB] Loaded NMS hook in 64ms
[17:33:28] [Server thread/INFO]: [TAB] Enabled in 350ms
[17:33:28] [Server thread/INFO]: [AuraSkills] Enabling AuraSkills v2.2.7
[17:33:29] [Server thread/INFO]: [AuraSkills] Loaded 21 message files
[17:33:30] [Server thread/INFO]: [AuraSkills] Loaded 151 config options in 33 ms
[17:33:30] [Server thread/INFO]: [NBTAPI] [NBTAPI] Found Minecraft: 1.21.3! Trying to find NMS support
[17:33:30] [Server thread/INFO]: [NBTAPI] [NBTAPI] NMS support 'MC1_21_R2' loaded!
[17:33:30] [Server thread/INFO]: [NBTAPI] [NBTAPI] Using the plugin 'AuraSkills' to create a bStats instance!
[17:33:30] [Server thread/INFO]: [AuraSkills] Loaded 3 blocked/disabled worlds
[17:33:30] [Server thread/INFO]: [AuraSkills] [ACF] Enabled Asynchronous Tab Completion Support!
[17:33:30] [Server thread/INFO]: [RHLeafDecay] Enabling RHLeafDecay v1.21_R1
[17:33:30] [Server thread/INFO]: [RHLeafDecay] The plugin has been loaded!
[17:33:30] [Server thread/INFO]: [RHLeafDecay] You are using version 1.21_R1 /w 💕 by X0R3
[17:33:30] [Server thread/INFO]: [RHLeafDecay] Info:
[17:33:30] [Server thread/INFO]: [RHLeafDecay] If you want your server be presented on the plugin page, then please contact me! :)
[17:33:30] [Server thread/INFO]: [spark] Starting background profiler...
[17:33:32] [Server thread/INFO]: Done preparing level "world" (9.919s)
[17:33:32] [Server thread/INFO]: Running delayed init tasks
[17:33:32] [Server thread/INFO]: [AuraSkills] Loaded 11 skills with 315 total sources
[17:33:32] [Server thread/INFO]: [AuraSkills] Loaded 9 stats and 17 traits
[17:33:32] [Server thread/INFO]: [AuraSkills] Loaded 22 pattern rewards and 0 level rewards
[17:33:32] [Server thread/INFO]: [AuraSkills] Loaded 53 loot entries in 4 pools and 2 tables
[17:33:33] [Server thread/INFO]: Environment: Environment[sessionHost=https://sessionserver.mojang.com, servicesHost=https://api.minecraftservices.com, name=PROD]
[17:33:33] [Server thread/INFO]: [AuraSkills] Loaded 6 menus
[17:33:33] [Server thread/INFO]: Done (32.607s)! For help, type "help"
[17:33:35] [Server thread/INFO]: [AngelChest] ========================================================
[17:33:35] [Server thread/INFO]: [AngelChest] You are using the free version of AngelChest. There is
[17:33:35] [Server thread/INFO]: [AngelChest] also a premium version available, called AngelChestPlus.
[17:33:35] [Server thread/INFO]: [AngelChest] It includes TONS of new features and exclusive Discord
[17:33:35] [Server thread/INFO]: [AngelChest] support. The free version will still receive bugfixes,
[17:33:35] [Server thread/INFO]: [AngelChest] but there won't be ANY new features!
[17:33:35] [Server thread/INFO]: [AngelChest] If you like AngelChest, you will LOVE AngelChestPlus, so
[17:33:35] [Server thread/INFO]: [AngelChest] please consider upgrading! Thank you for using AngelChest.
[17:33:35] [Server thread/INFO]: [AngelChest] 
[17:33:35] [Server thread/INFO]: [AngelChest] https://www.spigotmc.org/resources/88214
[17:33:35] [Server thread/INFO]: [AngelChest] ========================================================
[17:33:35] [User Authenticator #0/INFO]: UUID of player GrPatrixYT is ad57eae9-e0fd-3a99-a7cd-f9ead952a15b
[17:33:36] [Server thread/INFO]: GrPatrixYT joined the game
[17:33:36] [TAB Processing Thread/INFO]: [TAB] [WARN] Player GrPatrixYT's group (none) is not in sorting list! Sorting list: owner,admin,mod,helper,builder,vip,default. Player will be sorted on the bottom.
[17:33:36] [Server thread/INFO]: GrPatrixYT[/127.9.59.171:41059] logged in with entity id 51 at ([world]-428.80701379711905, 103.0, -2385.6019476631186)
[17:33:38] [Server thread/WARN]: [ca.spottedleaf.moonrise.patches.chunk_system.level.entity.EntityLookup] Entity uuid already exists: 5a9420ea-5902-46ec-91a5-8e173cf44ad4, mapped to Bat['Bat'/78, uuid='5a9420ea-5902-46ec-91a5-8e173cf44ad4', l='ServerLevel[world]', x=-442.59, y=24.00, z=-2292.48, cpos=[-28, -144], tl=247, v=true], can't add Bat['Bat'/91, uuid='5a9420ea-5902-46ec-91a5-8e173cf44ad4', l='ServerLevel[world]', x=-448.63, y=23.97, z=-2290.64, cpos=[-29, -144], tl=201, v=false]
[17:33:40] [Server thread/WARN]: [ca.spottedleaf.moonrise.patches.chunk_system.level.entity.EntityLookup] Entity uuid already exists: 0fd27f89-095f-48b5-8ee0-b110e4b3af56, mapped to Creeper['Creeper'/241, uuid='0fd27f89-095f-48b5-8ee0-b110e4b3af56', l='ServerLevel[world]', x=-384.50, y=12.00, z=-2224.50, cpos=[-25, -140], tl=22, v=true], can't add Creeper['Creeper'/265, uuid='0fd27f89-095f-48b5-8ee0-b110e4b3af56', l='ServerLevel[world]', x=-381.12, y=12.00, z=-2225.48, cpos=[-24, -140], tl=77, v=false]
[17:33:52] [Server thread/WARN]: [ca.spottedleaf.moonrise.patches.chunk_system.level.entity.EntityLookup] Entity uuid already exists: 3161ecd8-56eb-4825-b1e9-7025b2259edf, mapped to Bat['Bat'/414, uuid='3161ecd8-56eb-4825-b1e9-7025b2259edf', l='ServerLevel[world]', x=-416.75, y=51.41, z=-2145.83, cpos=[-27, -135], tl=23, v=true], can't add Bat['Bat'/417, uuid='3161ecd8-56eb-4825-b1e9-7025b2259edf', l='ServerLevel[world]', x=-415.30, y=50.11, z=-2147.25, cpos=[-26, -135], tl=85, v=false]
[17:33:59] [Server thread/WARN]: [ca.spottedleaf.moonrise.patches.chunk_system.level.entity.EntityLookup] Entity uuid already exists: 0b27c1c2-8faf-4180-b665-f76e9df38e6d, mapped to Pig['Pig'/423, uuid='0b27c1c2-8faf-4180-b665-f76e9df38e6d', l='ServerLevel[world]', x=-584.49, y=67.00, z=-2151.23, cpos=[-37, -135], tl=18968, v=true], can't add Pig['Pig'/458, uuid='0b27c1c2-8faf-4180-b665-f76e9df38e6d', l='ServerLevel[world]', x=-580.50, y=66.00, z=-2143.76, cpos=[-37, -134], tl=18875, v=false]
[17:36:06] [User Authenticator #1/INFO]: UUID of player Alipsi is 56dd22a1-49a0-3f2d-94e4-9aba34f420dc
[17:36:07] [TAB Processing Thread/INFO]: [TAB] [WARN] Player Alipsi's group (none) is not in sorting list! Sorting list: owner,admin,mod,helper,builder,vip,default. Player will be sorted on the bottom.
[17:36:07] [Server thread/INFO]: Alipsi joined the game
[17:36:07] [Server thread/INFO]: Alipsi[/127.234.234.45:60691] logged in with entity id 1133 at ([world]-421.1082295660163, 89.0, -2115.699999988079)
[17:36:26] [Async Chat Thread - #0/INFO]: [Not Secure] <Alipsi> epa
[17:36:31] [Async Chat Thread - #0/INFO]: [Not Secure] <Alipsi> no fue casi na
[17:36:45] [Async Chat Thread - #1/INFO]: [Not Secure] <GrPatrixYT> pos no :v
[17:36:48] [Async Chat Thread - #1/INFO]: [Not Secure] <Alipsi> tepe
[17:36:51] [Server thread/INFO]: Alipsi issued server command: /tpa Gr
[17:36:51] [Server thread/ERROR]: Command exception: /tpa Gr
org.bukkit.command.CommandException: Unhandled exception executing command 'tpa' in plugin SimpleTpa v7.4
	at org.bukkit.command.PluginCommand.execute(PluginCommand.java:47) ~[paper-api-1.21.3-R0.1-SNAPSHOT.jar:?]
	at io.papermc.paper.command.brigadier.bukkit.BukkitCommandNode$BukkitBrigCommand.run(BukkitCommandNode.java:82) ~[paper-1.21.3.jar:1.21.3-63-4190ee7]
	at com.mojang.brigadier.context.ContextChain.runExecutable(ContextChain.java:73) ~[brigadier-1.3.10.jar:?]
	at net.minecraft.commands.execution.tasks.ExecuteCommand.execute(ExecuteCommand.java:31) ~[paper-1.21.3.jar:1.21.3-63-4190ee7]
	at net.minecraft.commands.execution.tasks.ExecuteCommand.execute(ExecuteCommand.java:19) ~[paper-1.21.3.jar:1.21.3-63-4190ee7]
	at net.minecraft.commands.execution.UnboundEntryAction.lambda$bind$0(UnboundEntryAction.java:8) ~[paper-1.21.3.jar:1.21.3-63-4190ee7]
	at net.minecraft.commands.execution.CommandQueueEntry.execute(CommandQueueEntry.java:5) ~[paper-1.21.3.jar:1.21.3-63-4190ee7]
	at net.minecraft.commands.execution.ExecutionContext.runCommandQueue(ExecutionContext.java:103) ~[paper-1.21.3.jar:1.21.3-63-4190ee7]
	at net.minecraft.commands.Commands.executeCommandInContext(Commands.java:448) ~[paper-1.21.3.jar:1.21.3-63-4190ee7]
	at net.minecraft.commands.Commands.performCommand(Commands.java:355) ~[paper-1.21.3.jar:1.21.3-63-4190ee7]
	at net.minecraft.commands.Commands.performCommand(Commands.java:342) ~[paper-1.21.3.jar:1.21.3-63-4190ee7]
	at net.minecraft.commands.Commands.performCommand(Commands.java:337) ~[paper-1.21.3.jar:1.21.3-63-4190ee7]
	at net.minecraft.server.network.ServerGamePacketListenerImpl.performUnsignedChatCommand(ServerGamePacketListenerImpl.java:2241) ~[paper-1.21.3.jar:1.21.3-63-4190ee7]
	at net.minecraft.server.network.ServerGamePacketListenerImpl.lambda$handleChatCommand$11(ServerGamePacketListenerImpl.java:2215) ~[paper-1.21.3.jar:1.21.3-63-4190ee7]
	at net.minecraft.server.TickTask.run(TickTask.java:18) ~[paper-1.21.3.jar:1.21.3-63-4190ee7]
	at net.minecraft.util.thread.BlockableEventLoop.doRunTask(BlockableEventLoop.java:154) ~[paper-1.21.3.jar:1.21.3-63-4190ee7]
	at net.minecraft.util.thread.ReentrantBlockableEventLoop.doRunTask(ReentrantBlockableEventLoop.java:24) ~[paper-1.21.3.jar:1.21.3-63-4190ee7]
	at net.minecraft.server.MinecraftServer.doRunTask(MinecraftServer.java:1577) ~[paper-1.21.3.jar:1.21.3-63-4190ee7]
	at net.minecraft.server.MinecraftServer.doRunTask(MinecraftServer.java:207) ~[paper-1.21.3.jar:1.21.3-63-4190ee7]
	at net.minecraft.util.thread.BlockableEventLoop.pollTask(BlockableEventLoop.java:128) ~[paper-1.21.3.jar:1.21.3-63-4190ee7]
	at net.minecraft.server.MinecraftServer.pollTaskInternal(MinecraftServer.java:1554) ~[paper-1.21.3.jar:1.21.3-63-4190ee7]
	at net.minecraft.server.MinecraftServer.pollTask(MinecraftServer.java:1547) ~[paper-1.21.3.jar:1.21.3-63-4190ee7]
	at net.minecraft.util.thread.BlockableEventLoop.managedBlock(BlockableEventLoop.java:138) ~[paper-1.21.3.jar:1.21.3-63-4190ee7]
	at net.minecraft.server.MinecraftServer.managedBlock(MinecraftServer.java:1498) ~[paper-1.21.3.jar:1.21.3-63-4190ee7]
	at net.minecraft.server.MinecraftServer.waitUntilNextTick(MinecraftServer.java:1508) ~[paper-1.21.3.jar:1.21.3-63-4190ee7]
	at net.minecraft.server.MinecraftServer.runServer(MinecraftServer.java:1344) ~[paper-1.21.3.jar:1.21.3-63-4190ee7]
	at net.minecraft.server.MinecraftServer.lambda$spin$0(MinecraftServer.java:340) ~[paper-1.21.3.jar:1.21.3-63-4190ee7]
	at java.base/java.lang.Thread.run(Thread.java:1583) ~[?:?]
Caused by: java.lang.IllegalArgumentException: No enum constant net.md_5.bungee.api.ChatColor.Green
	at com.google.common.base.Preconditions.checkArgument(Preconditions.java:143) ~[guava-32.1.2-jre.jar:?]
	at net.md_5.bungee.api.ChatColor.valueOf(ChatColor.java:289) ~[bungeecord-chat-1.20-R0.2-deprecated+build.18.jar:?]
	at SimpleTpa.jar/me.mulemuledupe.simpletpa.utils.SimpleTpaUtils.addButtonsMethod(SimpleTpaUtils.java:55) ~[SimpleTpa.jar:?]
	at SimpleTpa.jar/me.mulemuledupe.simpletpa.utils.SimpleTpaUtils.sendRequest(SimpleTpaUtils.java:98) ~[SimpleTpa.jar:?]
	at SimpleTpa.jar/me.mulemuledupe.simpletpa.commands.TpaCommand.onCommand(TpaCommand.java:125) ~[SimpleTpa.jar:?]
	at org.bukkit.command.PluginCommand.execute(PluginCommand.java:45) ~[paper-api-1.21.3-R0.1-SNAPSHOT.jar:?]
	... 27 more
[17:37:15] [Server thread/INFO]: GrPatrixYT issued server command: /tpaccept
[17:37:25] [Async Chat Thread - #1/INFO]: [Not Secure] <Alipsi> XD
[17:37:51] [Async Chat Thread - #1/INFO]: [Not Secure] <Alipsi> pense q estabas ahi ya
[17:37:55] [Async Chat Thread - #1/INFO]: [Not Secure] <Alipsi> yo estaba en el hueco
[17:38:01] [Async Chat Thread - #1/INFO]: [Not Secure] <GrPatrixYT> tirate rapido xd
[17:42:15] [Async Chat Thread - #2/INFO]: [Not Secure] <GrPatrixYT> lo encontre
[17:42:21] [Server thread/INFO]: Alipsi issued server command: /tpa Gr
[17:42:21] [Server thread/ERROR]: Command exception: /tpa Gr
org.bukkit.command.CommandException: Unhandled exception executing command 'tpa' in plugin SimpleTpa v7.4
	at org.bukkit.command.PluginCommand.execute(PluginCommand.java:47) ~[paper-api-1.21.3-R0.1-SNAPSHOT.jar:?]
	at io.papermc.paper.command.brigadier.bukkit.BukkitCommandNode$BukkitBrigCommand.run(BukkitCommandNode.java:82) ~[paper-1.21.3.jar:1.21.3-63-4190ee7]
	at com.mojang.brigadier.context.ContextChain.runExecutable(ContextChain.java:73) ~[brigadier-1.3.10.jar:?]
	at net.minecraft.commands.execution.tasks.ExecuteCommand.execute(ExecuteCommand.java:31) ~[paper-1.21.3.jar:1.21.3-63-4190ee7]
	at net.minecraft.commands.execution.tasks.ExecuteCommand.execute(ExecuteCommand.java:19) ~[paper-1.21.3.jar:1.21.3-63-4190ee7]
	at net.minecraft.commands.execution.UnboundEntryAction.lambda$bind$0(UnboundEntryAction.java:8) ~[paper-1.21.3.jar:1.21.3-63-4190ee7]
	at net.minecraft.commands.execution.CommandQueueEntry.execute(CommandQueueEntry.java:5) ~[paper-1.21.3.jar:1.21.3-63-4190ee7]
	at net.minecraft.commands.execution.ExecutionContext.runCommandQueue(ExecutionContext.java:103) ~[paper-1.21.3.jar:1.21.3-63-4190ee7]
	at net.minecraft.commands.Commands.executeCommandInContext(Commands.java:448) ~[paper-1.21.3.jar:1.21.3-63-4190ee7]
	at net.minecraft.commands.Commands.performCommand(Commands.java:355) ~[paper-1.21.3.jar:1.21.3-63-4190ee7]
	at net.minecraft.commands.Commands.performCommand(Commands.java:342) ~[paper-1.21.3.jar:1.21.3-63-4190ee7]
	at net.minecraft.commands.Commands.performCommand(Commands.java:337) ~[paper-1.21.3.jar:1.21.3-63-4190ee7]
	at net.minecraft.server.network.ServerGamePacketListenerImpl.performUnsignedChatCommand(ServerGamePacketListenerImpl.java:2241) ~[paper-1.21.3.jar:1.21.3-63-4190ee7]
	at net.minecraft.server.network.ServerGamePacketListenerImpl.lambda$handleChatCommand$11(ServerGamePacketListenerImpl.java:2215) ~[paper-1.21.3.jar:1.21.3-63-4190ee7]
	at net.minecraft.server.TickTask.run(TickTask.java:18) ~[paper-1.21.3.jar:1.21.3-63-4190ee7]
	at net.minecraft.util.thread.BlockableEventLoop.doRunTask(BlockableEventLoop.java:154) ~[paper-1.21.3.jar:1.21.3-63-4190ee7]
	at net.minecraft.util.thread.ReentrantBlockableEventLoop.doRunTask(ReentrantBlockableEventLoop.java:24) ~[paper-1.21.3.jar:1.21.3-63-4190ee7]
	at net.minecraft.server.MinecraftServer.doRunTask(MinecraftServer.java:1577) ~[paper-1.21.3.jar:1.21.3-63-4190ee7]
	at net.minecraft.server.MinecraftServer.doRunTask(MinecraftServer.java:207) ~[paper-1.21.3.jar:1.21.3-63-4190ee7]
	at net.minecraft.util.thread.BlockableEventLoop.pollTask(BlockableEventLoop.java:128) ~[paper-1.21.3.jar:1.21.3-63-4190ee7]
	at net.minecraft.server.MinecraftServer.pollTaskInternal(MinecraftServer.java:1554) ~[paper-1.21.3.jar:1.21.3-63-4190ee7]
	at net.minecraft.server.MinecraftServer.pollTask(MinecraftServer.java:1547) ~[paper-1.21.3.jar:1.21.3-63-4190ee7]
	at net.minecraft.util.thread.BlockableEventLoop.managedBlock(BlockableEventLoop.java:138) ~[paper-1.21.3.jar:1.21.3-63-4190ee7]
	at net.minecraft.server.MinecraftServer.managedBlock(MinecraftServer.java:1498) ~[paper-1.21.3.jar:1.21.3-63-4190ee7]
	at net.minecraft.server.MinecraftServer.waitUntilNextTick(MinecraftServer.java:1508) ~[paper-1.21.3.jar:1.21.3-63-4190ee7]
	at net.minecraft.server.MinecraftServer.runServer(MinecraftServer.java:1344) ~[paper-1.21.3.jar:1.21.3-63-4190ee7]
	at net.minecraft.server.MinecraftServer.lambda$spin$0(MinecraftServer.java:340) ~[paper-1.21.3.jar:1.21.3-63-4190ee7]
	at java.base/java.lang.Thread.run(Thread.java:1583) ~[?:?]
Caused by: java.lang.IllegalArgumentException: No enum constant net.md_5.bungee.api.ChatColor.Green
	at com.google.common.base.Preconditions.checkArgument(Preconditions.java:143) ~[guava-32.1.2-jre.jar:?]
	at net.md_5.bungee.api.ChatColor.valueOf(ChatColor.java:289) ~[bungeecord-chat-1.20-R0.2-deprecated+build.18.jar:?]
	at SimpleTpa.jar/me.mulemuledupe.simpletpa.utils.SimpleTpaUtils.addButtonsMethod(SimpleTpaUtils.java:55) ~[SimpleTpa.jar:?]
	at SimpleTpa.jar/me.mulemuledupe.simpletpa.utils.SimpleTpaUtils.sendRequest(SimpleTpaUtils.java:98) ~[SimpleTpa.jar:?]
	at SimpleTpa.jar/me.mulemuledupe.simpletpa.commands.TpaCommand.onCommand(TpaCommand.java:125) ~[SimpleTpa.jar:?]
	at org.bukkit.command.PluginCommand.execute(PluginCommand.java:45) ~[paper-api-1.21.3-R0.1-SNAPSHOT.jar:?]
	... 27 more
[17:42:24] [Server thread/INFO]: GrPatrixYT issued server command: /tpaccept
